ragBot/components/RagChatbot.tsx(135,9): error TS6133: 'handleSelectSession' is declared but its value is never read.
src/components/Projects/ProjectEnrollmentModal.tsx(30,33): error TS2339: Property 'price' does not exist on type 'Property'.
src/data/extractedMockData.ts(11,5): error TS2353: Object literal may only specify known properties, and 'developer' does not exist in type 'Property'.
src/data/extractedMockData.ts(21,5): error TS2353: Object literal may only specify known properties, and 'developer' does not exist in type 'Property'.
src/data/extractedMockData.ts(31,5): error TS2353: Object literal may only specify known properties, and 'developer' does not exist in type 'Property'.
src/data/extractedMockData.ts(41,5): error TS2353: Object literal may only specify known properties, and 'developer' does not exist in type 'Property'.
src/data/extractedMockData.ts(51,5): error TS2353: Object literal may only specify known properties, and 'developer' does not exist in type 'Property'.
src/data/extractedMockData.ts(61,5): error TS2353: Object literal may only specify known properties, and 'developer' does not exist in type 'Property'.
src/data/extractedMockData.ts(71,5): error TS2353: Object literal may only specify known properties, and 'developer' does not exist in type 'Property'.
src/data/mockData.ts(6,3): error TS2353: Object literal may only specify known properties, and 'name' does not exist in type 'User'.
src/data/mockData.ts(15,3): error TS2353: Object literal may only specify known properties, and 'name' does not exist in type 'User'.
src/data/mockData.ts(26,5): error TS2353: Object literal may only specify known properties, and 'developer' does not exist in type 'Property'.
src/data/mockData.ts(36,5): error TS2353: Object literal may only specify known properties, and 'developer' does not exist in type 'Property'.
src/examples/UsingExtractedData.tsx(25,12): error TS18048: 'property.images' is possibly 'undefined'.
src/examples/UsingExtractedData.tsx(27,20): error TS18048: 'property.images' is possibly 'undefined'.
src/examples/UsingExtractedData.tsx(35,27): error TS2339: Property 'price' does not exist on type 'Property'.
src/pages/Admin/CustomerManagementPage.tsx(257,46): error TS2345: Argument of type 'Date | undefined' is not assignable to parameter of type 'string | Date'.
  Type 'undefined' is not assignable to type 'string | Date'.
src/pages/Admin/CustomerManagementPage.tsx(310,74): error TS2345: Argument of type 'Date | undefined' is not assignable to parameter of type 'string | Date'.
  Type 'undefined' is not assignable to type 'string | Date'.
src/pages/Admin/LeadManagementPage.tsx(53,9): error TS18048: 'lead.email' is possibly 'undefined'.
src/pages/Admin/LeadManagementPage.tsx(54,9): error TS18048: 'lead.phone' is possibly 'undefined'.
src/pages/Admin/LeadManagementPage.tsx(313,102): error TS2345: Argument of type 'number | undefined' is not assignable to parameter of type 'number'.
  Type 'undefined' is not assignable to type 'number'.
src/pages/Admin/LeadManagementPage.tsx(317,46): error TS2345: Argument of type 'Date | undefined' is not assignable to parameter of type 'string | Date'.
  Type 'undefined' is not assignable to type 'string | Date'.
src/pages/Admin/LeadManagementPage.tsx(361,114): error TS2345: Argument of type 'number | undefined' is not assignable to parameter of type 'number'.
  Type 'undefined' is not assignable to type 'number'.
src/pages/Client/PaymentsPage.tsx(273,111): error TS2345: Argument of type 'number | undefined' is not assignable to parameter of type 'number'.
  Type 'undefined' is not assignable to type 'number'.
src/pages/Client/PaymentsPage.tsx(407,111): error TS2345: Argument of type 'number | undefined' is not assignable to parameter of type 'number'.
  Type 'undefined' is not assignable to type 'number'.
src/pages/Client/PaymentsPage.tsx(616,119): error TS2345: Argument of type 'number | undefined' is not assignable to parameter of type 'number'.
  Type 'undefined' is not assignable to type 'number'.
src/pages/Client/ProjectUpdatesPage.tsx(290,46): error TS2345: Argument of type 'string | undefined' is not assignable to parameter of type 'string'.
  Type 'undefined' is not assignable to type 'string'.
src/pages/Dashboard/Projects/DashboardProjectsPage.tsx(2,18): error TS6133: 'AnimatePresence' is declared but its value is never read.
src/pages/Dashboard/Projects/DashboardProjectsPage.tsx(8,5): error TS6133: 'ShieldCheckIcon' is declared but its value is never read.
src/pages/Dashboard/Projects/DashboardProjectsPage.tsx(9,5): error TS6133: 'StarIcon' is declared but its value is never read.
src/pages/Dashboard/Projects/DashboardProjectsPage.tsx(18,33): error TS2306: File 'D:/FYP/FYP/src/components/Projects/AddProjectModal.tsx' is not a module.
src/pages/Dashboard/Projects/DashboardProjectsPage.tsx(184,118): error TS2339: Property 'price' does not exist on type 'Property'.
src/pages/Projects/ProjectDetailPage.tsx(27,15): error TS2305: Module '"@/types"' has no exported member 'UnitType'.
src/pages/Projects/ProjectDetailPage.tsx(27,25): error TS2305: Module '"@/types"' has no exported member 'PaymentPlan'.
testing/unit/authPages.test.tsx(7,22): error TS2304: Cannot find name 'vi'.
testing/unit/authPages.test.tsx(8,19): error TS2304: Cannot find name 'vi'.
testing/unit/authPages.test.tsx(10,1): error TS2304: Cannot find name 'vi'.
testing/unit/authPages.test.tsx(11,24): error TS2304: Cannot find name 'vi'.
testing/unit/authPages.test.tsx(18,1): error TS2304: Cannot find name 'vi'.
testing/unit/authPages.test.tsx(24,1): error TS2582: Cannot find name 'describe'. Do you need to install type definitions for a test runner? Try `npm i --save-dev @types/jest` or `npm i --save-dev @types/mocha`.
testing/unit/authPages.test.tsx(25,3): error TS2304: Cannot find name 'afterEach'.
testing/unit/authPages.test.tsx(26,5): error TS2304: Cannot find name 'vi'.
testing/unit/authPages.test.tsx(29,3): error TS2304: Cannot find name 'beforeEach'.
testing/unit/authPages.test.tsx(34,3): error TS2582: Cannot find name 'it'. Do you need to install type definitions for a test runner? Try `npm i --save-dev @types/jest` or `npm i --save-dev @types/mocha`.
testing/unit/authPages.test.tsx(41,5): error TS2304: Cannot find name 'expect'.
testing/unit/authPages.test.tsx(42,5): error TS2304: Cannot find name 'expect'.
testing/unit/authPages.test.tsx(43,5): error TS2304: Cannot find name 'expect'.
testing/unit/authPages.test.tsx(44,5): error TS2304: Cannot find name 'expect'.
testing/unit/authPages.test.tsx(47,3): error TS2582: Cannot find name 'it'. Do you need to install type definitions for a test runner? Try `npm i --save-dev @types/jest` or `npm i --save-dev @types/mocha`.
testing/unit/authPages.test.tsx(55,5): error TS2304: Cannot find name 'expect'.
testing/unit/authPages.test.tsx(57,5): error TS2304: Cannot find name 'expect'.
testing/unit/authPages.test.tsx(60,3): error TS2582: Cannot find name 'it'. Do you need to install type definitions for a test runner? Try `npm i --save-dev @types/jest` or `npm i --save-dev @types/mocha`.
testing/unit/authPages.test.tsx(61,5): error TS2304: Cannot find name 'vi'.
testing/unit/authPages.test.tsx(62,51): error TS2304: Cannot find name 'vi'.
testing/unit/authPages.test.tsx(72,11): error TS2304: Cannot find name 'vi'.
testing/unit/authPages.test.tsx(74,5): error TS2304: Cannot find name 'expect'.
testing/unit/authPages.test.tsx(75,5): error TS2304: Cannot find name 'expect'.
testing/unit/authPages.test.tsx(76,5): error TS2304: Cannot find name 'vi'.
testing/unit/authPages.test.tsx(79,3): error TS2582: Cannot find name 'it'. Do you need to install type definitions for a test runner? Try `npm i --save-dev @types/jest` or `npm i --save-dev @types/mocha`.
testing/unit/authPages.test.tsx(80,5): error TS2304: Cannot find name 'vi'.
testing/unit/authPages.test.tsx(81,51): error TS2304: Cannot find name 'vi'.
testing/unit/authPages.test.tsx(92,11): error TS2304: Cannot find name 'vi'.
testing/unit/authPages.test.tsx(94,5): error TS2304: Cannot find name 'expect'.
testing/unit/authPages.test.tsx(95,5): error TS2304: Cannot find name 'vi'.
testing/unit/authPages.test.tsx(99,1): error TS2582: Cannot find name 'describe'. Do you need to install type definitions for a test runner? Try `npm i --save-dev @types/jest` or `npm i --save-dev @types/mocha`.
testing/unit/authPages.test.tsx(100,20): error TS2304: Cannot find name 'vi'.
testing/unit/authPages.test.tsx(102,3): error TS2304: Cannot find name 'beforeEach'.
testing/unit/authPages.test.tsx(107,3): error TS2582: Cannot find name 'it'. Do you need to install type definitions for a test runner? Try `npm i --save-dev @types/jest` or `npm i --save-dev @types/mocha`.
testing/unit/authPages.test.tsx(123,5): error TS2304: Cannot find name 'expect'.
testing/unit/authPages.test.tsx(126,3): error TS2582: Cannot find name 'it'. Do you need to install type definitions for a test runner? Try `npm i --save-dev @types/jest` or `npm i --save-dev @types/mocha`.
testing/unit/authPages.test.tsx(142,5): error TS2304: Cannot find name 'expect'.
testing/unit/authPages.test.tsx(145,3): error TS2582: Cannot find name 'it'. Do you need to install type definitions for a test runner? Try `npm i --save-dev @types/jest` or `npm i --save-dev @types/mocha`.
testing/unit/authPages.test.tsx(166,5): error TS2304: Cannot find name 'expect'.
testing/unit/authPages.test.tsx(169,3): error TS2582: Cannot find name 'it'. Do you need to install type definitions for a test runner? Try `npm i --save-dev @types/jest` or `npm i --save-dev @types/mocha`.
testing/unit/authPages.test.tsx(179,5): error TS2304: Cannot find name 'expect'.
testing/unit/authRoutes.test.tsx(11,1): error TS2582: Cannot find name 'describe'. Do you need to install type definitions for a test runner? Try `npm i --save-dev @types/jest` or `npm i --save-dev @types/mocha`.
testing/unit/authRoutes.test.tsx(12,3): error TS2304: Cannot find name 'afterEach'.
testing/unit/authRoutes.test.tsx(16,3): error TS2582: Cannot find name 'it'. Do you need to install type definitions for a test runner? Try `npm i --save-dev @types/jest` or `npm i --save-dev @types/mocha`.
testing/unit/authRoutes.test.tsx(33,5): error TS2304: Cannot find name 'expect'.
testing/unit/authRoutes.test.tsx(36,3): error TS2582: Cannot find name 'it'. Do you need to install type definitions for a test runner? Try `npm i --save-dev @types/jest` or `npm i --save-dev @types/mocha`.
testing/unit/authRoutes.test.tsx(58,5): error TS2304: Cannot find name 'expect'.
testing/unit/authRoutes.test.tsx(61,3): error TS2582: Cannot find name 'it'. Do you need to install type definitions for a test runner? Try `npm i --save-dev @types/jest` or `npm i --save-dev @types/mocha`.
testing/unit/authRoutes.test.tsx(82,5): error TS2304: Cannot find name 'expect'.
testing/unit/authRoutes.test.tsx(85,3): error TS2582: Cannot find name 'it'. Do you need to install type definitions for a test runner? Try `npm i --save-dev @types/jest` or `npm i --save-dev @types/mocha`.
testing/unit/authRoutes.test.tsx(106,5): error TS2304: Cannot find name 'expect'.
testing/unit/authRoutes.test.tsx(109,3): error TS2582: Cannot find name 'it'. Do you need to install type definitions for a test runner? Try `npm i --save-dev @types/jest` or `npm i --save-dev @types/mocha`.
testing/unit/authRoutes.test.tsx(130,5): error TS2304: Cannot find name 'expect'.
testing/unit/clientPayments.test.tsx(12,1): error TS2304: Cannot find name 'vi'.
testing/unit/clientPayments.test.tsx(14,18): error TS2304: Cannot find name 'vi'.
testing/unit/clientPayments.test.tsx(15,18): error TS2304: Cannot find name 'vi'.
testing/unit/clientPayments.test.tsx(19,1): error TS2582: Cannot find name 'describe'. Do you need to install type definitions for a test runner? Try `npm i --save-dev @types/jest` or `npm i --save-dev @types/mocha`.
testing/unit/clientPayments.test.tsx(20,3): error TS2582: Cannot find name 'it'. Do you need to install type definitions for a test runner? Try `npm i --save-dev @types/jest` or `npm i --save-dev @types/mocha`.
testing/unit/clientPayments.test.tsx(27,5): error TS2304: Cannot find name 'expect'.
testing/unit/clientPayments.test.tsx(28,5): error TS2304: Cannot find name 'expect'.
testing/unit/clientPayments.test.tsx(29,5): error TS2304: Cannot find name 'expect'.
testing/unit/clientPayments.test.tsx(32,3): error TS2582: Cannot find name 'it'. Do you need to install type definitions for a test runner? Try `npm i --save-dev @types/jest` or `npm i --save-dev @types/mocha`.
testing/unit/clientPayments.test.tsx(39,5): error TS2304: Cannot find name 'expect'.
testing/unit/clientPayments.test.tsx(40,5): error TS2304: Cannot find name 'expect'.
testing/unit/clientPayments.test.tsx(41,5): error TS2304: Cannot find name 'expect'.
testing/unit/clientPayments.test.tsx(44,3): error TS2582: Cannot find name 'it'. Do you need to install type definitions for a test runner? Try `npm i --save-dev @types/jest` or `npm i --save-dev @types/mocha`.
testing/unit/clientPayments.test.tsx(55,5): error TS2304: Cannot find name 'expect'.
testing/unit/contextsAndHooks.test.tsx(15,1): error TS2582: Cannot find name 'describe'. Do you need to install type definitions for a test runner? Try `npm i --save-dev @types/jest` or `npm i --save-dev @types/mocha`.
testing/unit/contextsAndHooks.test.tsx(16,3): error TS2304: Cannot find name 'beforeEach'.
testing/unit/contextsAndHooks.test.tsx(20,3): error TS2582: Cannot find name 'it'. Do you need to install type definitions for a test runner? Try `npm i --save-dev @types/jest` or `npm i --save-dev @types/mocha`.
testing/unit/contextsAndHooks.test.tsx(24,38): error TS2554: Expected 1 arguments, but got 2.
testing/unit/contextsAndHooks.test.tsx(27,5): error TS2304: Cannot find name 'expect'.
testing/unit/contextsAndHooks.test.tsx(28,5): error TS2304: Cannot find name 'expect'.
testing/unit/contextsAndHooks.test.tsx(29,5): error TS2304: Cannot find name 'expect'.
testing/unit/contextsAndHooks.test.tsx(35,5): error TS2304: Cannot find name 'expect'.
testing/unit/contextsAndHooks.test.tsx(36,5): error TS2304: Cannot find name 'expect'.
testing/unit/contextsAndHooks.test.tsx(39,3): error TS2582: Cannot find name 'it'. Do you need to install type definitions for a test runner? Try `npm i --save-dev @types/jest` or `npm i --save-dev @types/mocha`.
testing/unit/contextsAndHooks.test.tsx(51,5): error TS2304: Cannot find name 'expect'.
testing/unit/contextsAndHooks.test.tsx(55,1): error TS2582: Cannot find name 'describe'. Do you need to install type definitions for a test runner? Try `npm i --save-dev @types/jest` or `npm i --save-dev @types/mocha`.
testing/unit/contextsAndHooks.test.tsx(56,3): error TS2582: Cannot find name 'it'. Do you need to install type definitions for a test runner? Try `npm i --save-dev @types/jest` or `npm i --save-dev @types/mocha`.
testing/unit/contextsAndHooks.test.tsx(72,5): error TS2304: Cannot find name 'expect'.
testing/unit/dashboardPages.test.tsx(24,1): error TS2304: Cannot find name 'vi'.
testing/unit/dashboardPages.test.tsx(26,24): error TS2304: Cannot find name 'vi'.
testing/unit/dashboardPages.test.tsx(27,18): error TS2304: Cannot find name 'vi'.
testing/unit/dashboardPages.test.tsx(28,17): error TS2304: Cannot find name 'vi'.
testing/unit/dashboardPages.test.tsx(31,24): error TS2304: Cannot find name 'vi'.
testing/unit/dashboardPages.test.tsx(35,1): error TS2582: Cannot find name 'describe'. Do you need to install type definitions for a test runner? Try `npm i --save-dev @types/jest` or `npm i --save-dev @types/mocha`.
testing/unit/dashboardPages.test.tsx(36,3): error TS2582: Cannot find name 'it'. Do you need to install type definitions for a test runner? Try `npm i --save-dev @types/jest` or `npm i --save-dev @types/mocha`.
testing/unit/dashboardPages.test.tsx(43,5): error TS2304: Cannot find name 'expect'.
testing/unit/dashboardPages.test.tsx(44,5): error TS2304: Cannot find name 'expect'.
testing/unit/dashboardPages.test.tsx(45,5): error TS2304: Cannot find name 'expect'.
testing/unit/dashboardPages.test.tsx(48,3): error TS2582: Cannot find name 'it'. Do you need to install type definitions for a test runner? Try `npm i --save-dev @types/jest` or `npm i --save-dev @types/mocha`.
testing/unit/dashboardPages.test.tsx(55,5): error TS2304: Cannot find name 'expect'.
testing/unit/dashboardPages.test.tsx(56,5): error TS2304: Cannot find name 'expect'.
testing/unit/dashboardPages.test.tsx(60,1): error TS2582: Cannot find name 'describe'. Do you need to install type definitions for a test runner? Try `npm i --save-dev @types/jest` or `npm i --save-dev @types/mocha`.
testing/unit/dashboardPages.test.tsx(61,3): error TS2582: Cannot find name 'it'. Do you need to install type definitions for a test runner? Try `npm i --save-dev @types/jest` or `npm i --save-dev @types/mocha`.
testing/unit/dashboardPages.test.tsx(68,5): error TS2304: Cannot find name 'expect'.
testing/unit/dashboardPages.test.tsx(69,5): error TS2304: Cannot find name 'expect'.
testing/unit/dashboardPages.test.tsx(70,5): error TS2304: Cannot find name 'expect'.
testing/unit/dashboardPages.test.tsx(73,3): error TS2582: Cannot find name 'it'. Do you need to install type definitions for a test runner? Try `npm i --save-dev @types/jest` or `npm i --save-dev @types/mocha`.
testing/unit/dashboardPages.test.tsx(80,5): error TS2304: Cannot find name 'expect'.
testing/unit/dashboardPages.test.tsx(81,5): error TS2304: Cannot find name 'expect'.
testing/unit/dashboardPages.test.tsx(82,5): error TS2304: Cannot find name 'expect'.
testing/unit/dashboardPages.test.tsx(86,1): error TS2582: Cannot find name 'describe'. Do you need to install type definitions for a test runner? Try `npm i --save-dev @types/jest` or `npm i --save-dev @types/mocha`.
testing/unit/dashboardPages.test.tsx(87,3): error TS2582: Cannot find name 'it'. Do you need to install type definitions for a test runner? Try `npm i --save-dev @types/jest` or `npm i --save-dev @types/mocha`.
testing/unit/dashboardPages.test.tsx(94,5): error TS2304: Cannot find name 'expect'.
testing/unit/dashboardPages.test.tsx(95,5): error TS2304: Cannot find name 'expect'.
testing/unit/dashboardPages.test.tsx(96,5): error TS2304: Cannot find name 'expect'.
testing/unit/dashboardPages.test.tsx(97,5): error TS2304: Cannot find name 'expect'.
testing/unit/dashboardPages.test.tsx(100,3): error TS2582: Cannot find name 'it'. Do you need to install type definitions for a test runner? Try `npm i --save-dev @types/jest` or `npm i --save-dev @types/mocha`.
testing/unit/dashboardPages.test.tsx(110,5): error TS2304: Cannot find name 'expect'.
testing/unit/dashboardPages.test.tsx(111,5): error TS2304: Cannot find name 'expect'.
testing/unit/dashboardPages.test.tsx(112,5): error TS2304: Cannot find name 'expect'.
testing/unit/dashboardPages.test.tsx(115,3): error TS2582: Cannot find name 'it'. Do you need to install type definitions for a test runner? Try `npm i --save-dev @types/jest` or `npm i --save-dev @types/mocha`.
testing/unit/dashboardPages.test.tsx(125,5): error TS2304: Cannot find name 'expect'.
testing/unit/dashboardPages.test.tsx(126,5): error TS2304: Cannot find name 'expect'.
testing/unit/dashboardPages.test.tsx(129,3): error TS2582: Cannot find name 'it'. Do you need to install type definitions for a test runner? Try `npm i --save-dev @types/jest` or `npm i --save-dev @types/mocha`.
testing/unit/dashboardPages.test.tsx(139,5): error TS2304: Cannot find name 'expect'.
testing/unit/dashboardPages.test.tsx(140,5): error TS2304: Cannot find name 'expect'.
testing/unit/dashboardPages.test.tsx(143,3): error TS2582: Cannot find name 'it'. Do you need to install type definitions for a test runner? Try `npm i --save-dev @types/jest` or `npm i --save-dev @types/mocha`.
testing/unit/dashboardPages.test.tsx(150,5): error TS2304: Cannot find name 'expect'.
testing/unit/dashboardPages.test.tsx(151,5): error TS2304: Cannot find name 'expect'.
testing/unit/dashboardPages.test.tsx(154,3): error TS2582: Cannot find name 'it'. Do you need to install type definitions for a test runner? Try `npm i --save-dev @types/jest` or `npm i --save-dev @types/mocha`.
testing/unit/dashboardPages.test.tsx(163,5): error TS2304: Cannot find name 'expect'.
testing/unit/dashboardPages.test.tsx(165,5): error TS2304: Cannot find name 'expect'.
testing/unit/dataFiles.test.tsx(5,1): error TS2582: Cannot find name 'describe'. Do you need to install type definitions for a test runner? Try `npm i --save-dev @types/jest` or `npm i --save-dev @types/mocha`.
testing/unit/dataFiles.test.tsx(6,3): error TS2582: Cannot find name 'it'. Do you need to install type definitions for a test runner? Try `npm i --save-dev @types/jest` or `npm i --save-dev @types/mocha`.
testing/unit/dataFiles.test.tsx(7,5): error TS2304: Cannot find name 'expect'.
testing/unit/dataFiles.test.tsx(8,5): error TS2304: Cannot find name 'expect'.
testing/unit/dataFiles.test.tsx(9,5): error TS2304: Cannot find name 'expect'.
testing/unit/dataFiles.test.tsx(10,5): error TS2304: Cannot find name 'expect'.
testing/unit/dataFiles.test.tsx(11,5): error TS2304: Cannot find name 'expect'.
testing/unit/dataFiles.test.tsx(14,3): error TS2582: Cannot find name 'it'. Do you need to install type definitions for a test runner? Try `npm i --save-dev @types/jest` or `npm i --save-dev @types/mocha`.
testing/unit/dataFiles.test.tsx(15,5): error TS2304: Cannot find name 'expect'.
testing/unit/dataFiles.test.tsx(16,5): error TS2304: Cannot find name 'expect'.
testing/unit/dataFiles.test.tsx(19,3): error TS2582: Cannot find name 'it'. Do you need to install type definitions for a test runner? Try `npm i --save-dev @types/jest` or `npm i --save-dev @types/mocha`.
testing/unit/dataFiles.test.tsx(20,5): error TS2304: Cannot find name 'expect'.
testing/unit/dataFiles.test.tsx(21,5): error TS2304: Cannot find name 'expect'.
testing/unit/examplesAndLanding.test.tsx(9,1): error TS2304: Cannot find name 'vi'.
testing/unit/examplesAndLanding.test.tsx(27,1): error TS2304: Cannot find name 'vi'.
testing/unit/examplesAndLanding.test.tsx(31,1): error TS2582: Cannot find name 'describe'. Do you need to install type definitions for a test runner? Try `npm i --save-dev @types/jest` or `npm i --save-dev @types/mocha`.
testing/unit/examplesAndLanding.test.tsx(32,3): error TS2582: Cannot find name 'it'. Do you need to install type definitions for a test runner? Try `npm i --save-dev @types/jest` or `npm i --save-dev @types/mocha`.
testing/unit/examplesAndLanding.test.tsx(38,5): error TS2304: Cannot find name 'expect'.
testing/unit/examplesAndLanding.test.tsx(41,3): error TS2582: Cannot find name 'it'. Do you need to install type definitions for a test runner? Try `npm i --save-dev @types/jest` or `npm i --save-dev @types/mocha`.
testing/unit/examplesAndLanding.test.tsx(47,5): error TS2304: Cannot find name 'expect'.
testing/unit/examplesAndLanding.test.tsx(50,3): error TS2582: Cannot find name 'it'. Do you need to install type definitions for a test runner? Try `npm i --save-dev @types/jest` or `npm i --save-dev @types/mocha`.
testing/unit/examplesAndLanding.test.tsx(58,5): error TS2304: Cannot find name 'expect'.
testing/unit/examplesAndLanding.test.tsx(61,3): error TS2582: Cannot find name 'it'. Do you need to install type definitions for a test runner? Try `npm i --save-dev @types/jest` or `npm i --save-dev @types/mocha`.
testing/unit/examplesAndLanding.test.tsx(63,5): error TS2304: Cannot find name 'expect'.
testing/unit/forgotPassword.test.tsx(6,1): error TS2582: Cannot find name 'describe'. Do you need to install type definitions for a test runner? Try `npm i --save-dev @types/jest` or `npm i --save-dev @types/mocha`.
testing/unit/forgotPassword.test.tsx(7,3): error TS2582: Cannot find name 'it'. Do you need to install type definitions for a test runner? Try `npm i --save-dev @types/jest` or `npm i --save-dev @types/mocha`.
testing/unit/forgotPassword.test.tsx(14,5): error TS2304: Cannot find name 'expect'.
testing/unit/forgotPassword.test.tsx(15,5): error TS2304: Cannot find name 'expect'.
testing/unit/forgotPassword.test.tsx(18,3): error TS2582: Cannot find name 'it'. Do you need to install type definitions for a test runner? Try `npm i --save-dev @types/jest` or `npm i --save-dev @types/mocha`.
testing/unit/forgotPassword.test.tsx(35,5): error TS2304: Cannot find name 'expect'.
testing/unit/forgotPassword.test.tsx(42,5): error TS2304: Cannot find name 'expect'.
testing/unit/layout.test.tsx(7,1): error TS2582: Cannot find name 'describe'. Do you need to install type definitions for a test runner? Try `npm i --save-dev @types/jest` or `npm i --save-dev @types/mocha`.
testing/unit/layout.test.tsx(8,3): error TS2582: Cannot find name 'it'. Do you need to install type definitions for a test runner? Try `npm i --save-dev @types/jest` or `npm i --save-dev @types/mocha`.
testing/unit/layout.test.tsx(9,22): error TS2304: Cannot find name 'vi'.
testing/unit/layout.test.tsx(20,5): error TS2304: Cannot find name 'expect'.
testing/unit/layout.test.tsx(23,5): error TS2304: Cannot find name 'expect'.
testing/unit/layout.test.tsx(24,5): error TS2304: Cannot find name 'expect'.
testing/unit/layout.test.tsx(25,5): error TS2304: Cannot find name 'expect'.
testing/unit/layout.test.tsx(29,1): error TS2582: Cannot find name 'describe'. Do you need to install type definitions for a test runner? Try `npm i --save-dev @types/jest` or `npm i --save-dev @types/mocha`.
testing/unit/layout.test.tsx(30,3): error TS2582: Cannot find name 'it'. Do you need to install type definitions for a test runner? Try `npm i --save-dev @types/jest` or `npm i --save-dev @types/mocha`.
testing/unit/layout.test.tsx(31,26): error TS2304: Cannot find name 'vi'.
testing/unit/layout.test.tsx(32,22): error TS2304: Cannot find name 'vi'.
testing/unit/layout.test.tsx(40,5): error TS2304: Cannot find name 'expect'.
testing/unit/layout.test.tsx(44,5): error TS2304: Cannot find name 'expect'.
testing/unit/layout.test.tsx(50,5): error TS2304: Cannot find name 'expect'.
testing/unit/layout.test.tsx(53,5): error TS2304: Cannot find name 'expect'.
testing/unit/layout.test.tsx(56,3): error TS2582: Cannot find name 'it'. Do you need to install type definitions for a test runner? Try `npm i --save-dev @types/jest` or `npm i --save-dev @types/mocha`.
testing/unit/layout.test.tsx(63,5): error TS2304: Cannot find name 'expect'.
testing/unit/layout.test.tsx(64,5): error TS2304: Cannot find name 'expect'.
testing/unit/layoutsContainers.test.tsx(7,1): error TS2304: Cannot find name 'vi'.
testing/unit/layoutsContainers.test.tsx(11,1): error TS2304: Cannot find name 'vi'.
testing/unit/layoutsContainers.test.tsx(15,1): error TS2304: Cannot find name 'vi'.
testing/unit/layoutsContainers.test.tsx(17,13): error TS2304: Cannot find name 'vi'.
testing/unit/layoutsContainers.test.tsx(21,1): error TS2582: Cannot find name 'describe'. Do you need to install type definitions for a test runner? Try `npm i --save-dev @types/jest` or `npm i --save-dev @types/mocha`.
testing/unit/layoutsContainers.test.tsx(22,3): error TS2582: Cannot find name 'it'. Do you need to install type definitions for a test runner? Try `npm i --save-dev @types/jest` or `npm i --save-dev @types/mocha`.
testing/unit/layoutsContainers.test.tsx(33,5): error TS2304: Cannot find name 'expect'.
testing/unit/layoutsContainers.test.tsx(36,3): error TS2582: Cannot find name 'it'. Do you need to install type definitions for a test runner? Try `npm i --save-dev @types/jest` or `npm i --save-dev @types/mocha`.
testing/unit/layoutsContainers.test.tsx(47,5): error TS2304: Cannot find name 'expect'.
testing/unit/layoutsContainers.test.tsx(48,5): error TS2304: Cannot find name 'expect'.
testing/unit/layoutsContainers.test.tsx(51,3): error TS2582: Cannot find name 'it'. Do you need to install type definitions for a test runner? Try `npm i --save-dev @types/jest` or `npm i --save-dev @types/mocha`.
testing/unit/layoutsContainers.test.tsx(62,5): error TS2304: Cannot find name 'expect'.
testing/unit/layoutsContainers.test.tsx(63,5): error TS2304: Cannot find name 'expect'.
testing/unit/notFound.test.tsx(6,1): error TS2582: Cannot find name 'describe'. Do you need to install type definitions for a test runner? Try `npm i --save-dev @types/jest` or `npm i --save-dev @types/mocha`.
testing/unit/notFound.test.tsx(7,3): error TS2582: Cannot find name 'it'. Do you need to install type definitions for a test runner? Try `npm i --save-dev @types/jest` or `npm i --save-dev @types/mocha`.
testing/unit/notFound.test.tsx(14,5): error TS2304: Cannot find name 'expect'.
testing/unit/notFound.test.tsx(15,5): error TS2304: Cannot find name 'expect'.
testing/unit/notFound.test.tsx(16,5): error TS2304: Cannot find name 'expect'.
testing/unit/notFound.test.tsx(19,3): error TS2582: Cannot find name 'it'. Do you need to install type definitions for a test runner? Try `npm i --save-dev @types/jest` or `npm i --save-dev @types/mocha`.
testing/unit/notFound.test.tsx(20,21): error TS2304: Cannot find name 'vi'.
testing/unit/notFound.test.tsx(28,5): error TS2304: Cannot find name 'expect'.
testing/unit/pagesAdminAndAbout.test.tsx(10,1): error TS2304: Cannot find name 'vi'.
testing/unit/pagesAdminAndAbout.test.tsx(35,1): error TS2304: Cannot find name 'vi'.
testing/unit/pagesAdminAndAbout.test.tsx(37,19): error TS2304: Cannot find name 'vi'.
testing/unit/pagesAdminAndAbout.test.tsx(38,15): error TS2304: Cannot find name 'vi'.
testing/unit/pagesAdminAndAbout.test.tsx(39,23): error TS2304: Cannot find name 'vi'.
testing/unit/pagesAdminAndAbout.test.tsx(40,18): error TS2304: Cannot find name 'vi'.
testing/unit/pagesAdminAndAbout.test.tsx(43,12): error TS2304: Cannot find name 'vi'.
testing/unit/pagesAdminAndAbout.test.tsx(48,1): error TS2582: Cannot find name 'describe'. Do you need to install type definitions for a test runner? Try `npm i --save-dev @types/jest` or `npm i --save-dev @types/mocha`.
testing/unit/pagesAdminAndAbout.test.tsx(49,3): error TS2582: Cannot find name 'it'. Do you need to install type definitions for a test runner? Try `npm i --save-dev @types/jest` or `npm i --save-dev @types/mocha`.
testing/unit/pagesAdminAndAbout.test.tsx(55,5): error TS2304: Cannot find name 'expect'.
testing/unit/pagesAdminAndAbout.test.tsx(59,1): error TS2582: Cannot find name 'describe'. Do you need to install type definitions for a test runner? Try `npm i --save-dev @types/jest` or `npm i --save-dev @types/mocha`.
testing/unit/pagesAdminAndAbout.test.tsx(60,3): error TS2582: Cannot find name 'it'. Do you need to install type definitions for a test runner? Try `npm i --save-dev @types/jest` or `npm i --save-dev @types/mocha`.
testing/unit/pagesAdminAndAbout.test.tsx(66,5): error TS2304: Cannot find name 'expect'.
testing/unit/pagesAdminAndAbout.test.tsx(67,5): error TS2304: Cannot find name 'expect'.
testing/unit/pagesAdminAndAbout.test.tsx(70,3): error TS2582: Cannot find name 'it'. Do you need to install type definitions for a test runner? Try `npm i --save-dev @types/jest` or `npm i --save-dev @types/mocha`.
testing/unit/pagesAdminAndAbout.test.tsx(77,5): error TS2304: Cannot find name 'expect'.
testing/unit/pagesAdminAndAbout.test.tsx(79,5): error TS2304: Cannot find name 'expect'.
testing/unit/pagesAdminAndAbout.test.tsx(83,1): error TS2582: Cannot find name 'describe'. Do you need to install type definitions for a test runner? Try `npm i --save-dev @types/jest` or `npm i --save-dev @types/mocha`.
testing/unit/pagesAdminAndAbout.test.tsx(84,3): error TS2582: Cannot find name 'it'. Do you need to install type definitions for a test runner? Try `npm i --save-dev @types/jest` or `npm i --save-dev @types/mocha`.
testing/unit/pagesAdminAndAbout.test.tsx(85,5): error TS2304: Cannot find name 'expect'.
testing/unit/pagesAdminAndAbout.test.tsx(89,1): error TS2582: Cannot find name 'describe'. Do you need to install type definitions for a test runner? Try `npm i --save-dev @types/jest` or `npm i --save-dev @types/mocha`.
testing/unit/pagesAdminAndAbout.test.tsx(90,3): error TS2582: Cannot find name 'it'. Do you need to install type definitions for a test runner? Try `npm i --save-dev @types/jest` or `npm i --save-dev @types/mocha`.
testing/unit/pagesAdminAndAbout.test.tsx(91,5): error TS2304: Cannot find name 'vi'.
testing/unit/pagesAdminAndAbout.test.tsx(93,11): error TS2304: Cannot find name 'vi'.
testing/unit/pagesAdminAndAbout.test.tsx(95,5): error TS2304: Cannot find name 'expect'.
testing/unit/pagesAdminAndAbout.test.tsx(96,5): error TS2304: Cannot find name 'vi'.
testing/unit/pagesAdminAndAbout.test.tsx(99,3): error TS2582: Cannot find name 'it'. Do you need to install type definitions for a test runner? Try `npm i --save-dev @types/jest` or `npm i --save-dev @types/mocha`.
testing/unit/pagesAdminAndAbout.test.tsx(100,5): error TS2304: Cannot find name 'vi'.
testing/unit/pagesAdminAndAbout.test.tsx(102,11): error TS2304: Cannot find name 'vi'.
testing/unit/pagesAdminAndAbout.test.tsx(104,5): error TS2304: Cannot find name 'expect'.
testing/unit/pagesAdminAndAbout.test.tsx(105,5): error TS2304: Cannot find name 'vi'.
testing/unit/ragChatbot.test.tsx(5,1): error TS2304: Cannot find name 'vi'.
testing/unit/ragChatbot.test.tsx(18,1): error TS2304: Cannot find name 'vi'.
testing/unit/ragChatbot.test.tsx(22,19): error TS2304: Cannot find name 'vi'.
testing/unit/ragChatbot.test.tsx(24,1): error TS2582: Cannot find name 'describe'. Do you need to install type definitions for a test runner? Try `npm i --save-dev @types/jest` or `npm i --save-dev @types/mocha`.
testing/unit/ragChatbot.test.tsx(25,3): error TS2304: Cannot find name 'beforeEach'.
testing/unit/ragChatbot.test.tsx(33,40): error TS2304: Cannot find name 'vi'.
testing/unit/ragChatbot.test.tsx(36,3): error TS2582: Cannot find name 'it'. Do you need to install type definitions for a test runner? Try `npm i --save-dev @types/jest` or `npm i --save-dev @types/mocha`.
testing/unit/ragChatbot.test.tsx(53,5): error TS2304: Cannot find name 'expect'.
testing/unit/ragChatbot.test.tsx(57,5): error TS2304: Cannot find name 'expect'.
testing/unit/ragServer.test.ts(1,21): error TS7016: Could not find a declaration file for module 'supertest'. 'D:/FYP/FYP/node_modules/supertest/index.js' implicitly has an 'any' type.
  Try `npm i --save-dev @types/supertest` if it exists or add a new declaration (.d.ts) file containing `declare module 'supertest';`
testing/unit/ragServer.test.ts(6,1): error TS2304: Cannot find name 'vi'.
testing/unit/ragServer.test.ts(7,23): error TS2304: Cannot find name 'vi'.
testing/unit/ragServer.test.ts(9,24): error TS2304: Cannot find name 'vi'.
testing/unit/ragServer.test.ts(19,1): error TS2304: Cannot find name 'vi'.
testing/unit/ragServer.test.ts(23,14): error TS2304: Cannot find name 'vi'.
testing/unit/ragServer.test.ts(24,17): error TS2304: Cannot find name 'vi'.
testing/unit/ragServer.test.ts(25,18): error TS2304: Cannot find name 'vi'.
testing/unit/ragServer.test.ts(33,1): error TS2304: Cannot find name 'vi'.
testing/unit/ragServer.test.ts(41,1): error TS2582: Cannot find name 'describe'. Do you need to install type definitions for a test runner? Try `npm i --save-dev @types/jest` or `npm i --save-dev @types/mocha`.
testing/unit/ragServer.test.ts(42,3): error TS2582: Cannot find name 'it'. Do you need to install type definitions for a test runner? Try `npm i --save-dev @types/jest` or `npm i --save-dev @types/mocha`.
testing/unit/ragServer.test.ts(44,5): error TS2304: Cannot find name 'expect'.
testing/unit/ragServer.test.ts(45,5): error TS2304: Cannot find name 'expect'.
testing/unit/ui.test.tsx(6,1): error TS2582: Cannot find name 'describe'. Do you need to install type definitions for a test runner? Try `npm i --save-dev @types/jest` or `npm i --save-dev @types/mocha`.
testing/unit/ui.test.tsx(7,3): error TS2582: Cannot find name 'it'. Do you need to install type definitions for a test runner? Try `npm i --save-dev @types/jest` or `npm i --save-dev @types/mocha`.
testing/unit/ui.test.tsx(8,21): error TS2304: Cannot find name 'vi'.
testing/unit/ui.test.tsx(16,5): error TS2304: Cannot find name 'expect'.
testing/unit/ui.test.tsx(17,5): error TS2304: Cannot find name 'expect'.
testing/unit/ui.test.tsx(20,5): error TS2304: Cannot find name 'expect'.
testing/unit/ui.test.tsx(23,3): error TS2582: Cannot find name 'it'. Do you need to install type definitions for a test runner? Try `npm i --save-dev @types/jest` or `npm i --save-dev @types/mocha`.
testing/unit/ui.test.tsx(31,5): error TS2304: Cannot find name 'expect'.
testing/unit/ui.test.tsx(32,5): error TS2304: Cannot find name 'expect'.
testing/unit/ui.test.tsx(35,3): error TS2582: Cannot find name 'it'. Do you need to install type definitions for a test runner? Try `npm i --save-dev @types/jest` or `npm i --save-dev @types/mocha`.
testing/unit/ui.test.tsx(38,5): error TS2304: Cannot find name 'expect'.
testing/unit/ui.test.tsx(39,5): error TS2304: Cannot find name 'expect'.
